======================================================================
python : Traceback (most recent call last):
At line:1 char:56
+ ... ivate.ps1 ; python test_cloudinary_integration.py > test_output.txt 2 ...
+                 ~~~~~~~~~~~~~~~~~~~~~~~~~~~~~~~~~~~~~~~~~~~~~~~~~~~~~~~~~
    + CategoryInfo          : NotSpecified: (Traceback (most recent call last): 
   :String) [], RemoteException
    + FullyQualifiedErrorId : NativeCommandError
 
  File "D:\ICCT26 BACKEND\test_cloudinary_integration.py", line 199, in <module>
    test_registration()
    ~~~~~~~~~~~~~~~~~^^
  File "D:\ICCT26 BACKEND\test_cloudinary_integration.py", line 108, in 
test_registration
    print("\U0001f9ea TESTING CLOUDINARY INTEGRATION")
    ~~~~~^^^^^^^^^^^^^^^^^^^^^^^^^^^^^^^^^^^^^
  File "C:\Program Files\WindowsApps\PythonSoftwareFoundation.Python.3.13_3.13.2
544.0_x64__qbz5n2kfra8p0\Lib\encodings\cp1252.py", line 19, in encode
    return codecs.charmap_encode(input,self.errors,encoding_table)[0]
           ~~~~~~~~~~~~~~~~~~~~~^^^^^^^^^^^^^^^^^^^^^^^^^^^^^^^^^^
UnicodeEncodeError: 'charmap' codec can't encode character '\U0001f9ea' in 
position 0: character maps to <undefined>
